
user@DESKTOP-GQ6MCC8 MINGW64 ~/Desktop
$ mkdir test

user@DESKTOP-GQ6MCC8 MINGW64 ~/Desktop
$ cd test

user@DESKTOP-GQ6MCC8 MINGW64 ~/Desktop/test
$ touch index.html

user@DESKTOP-GQ6MCC8 MINGW64 ~/Desktop/test
$ touch style.css

user@DESKTOP-GQ6MCC8 MINGW64 ~/Desktop/test
$ git status
fatal: not a git repository (or any of the parent directories): .git

user@DESKTOP-GQ6MCC8 MINGW64 ~/Desktop/test
$ ls
index.html  style.css

user@DESKTOP-GQ6MCC8 MINGW64 ~/Desktop/test
$ git init
Initialized empty Git repository in C:/Users/user/Desktop/test/.git/

user@DESKTOP-GQ6MCC8 MINGW64 ~/Desktop/test (master)
$ git status
On branch master

No commits yet

Untracked files:
  (use "git add <file>..." to include in what will be committed)
        index.html
        style.css

nothing added to commit but untracked files present (use "git add" to track)

user@DESKTOP-GQ6MCC8 MINGW64 ~/Desktop/test (master)
$ git add .

user@DESKTOP-GQ6MCC8 MINGW64 ~/Desktop/test (master)
$ git commit -m "initial commit"
[master (root-commit) 7ddf10c] initial commit
 2 files changed, 0 insertions(+), 0 deletions(-)
 create mode 100644 index.html
 create mode 100644 style.css

user@DESKTOP-GQ6MCC8 MINGW64 ~/Desktop/test (master)
$ git status
On branch master
nothing to commit, working tree clean

user@DESKTOP-GQ6MCC8 MINGW64 ~/Desktop/test (master)
$ git commit -m "update html"
On branch master
Changes not staged for commit:
  (use "git add <file>..." to update what will be committed)
  (use "git restore <file>..." to discard changes in working directory)
        modified:   index.html

no changes added to commit (use "git add" and/or "git commit -a")

user@DESKTOP-GQ6MCC8 MINGW64 ~/Desktop/test (master)
$ git commit -m "update css"
On branch master
Changes not staged for commit:
  (use "git add <file>..." to update what will be committed)
  (use "git restore <file>..." to discard changes in working directory)
        modified:   index.html
        modified:   style.css

no changes added to commit (use "git add" and/or "git commit -a")

user@DESKTOP-GQ6MCC8 MINGW64 ~/Desktop/test (master)
$ git log
commit 7ddf10c6f488fd84a3f7bafc8bd5f1e42491e705 (HEAD -> master)
Author: baraa-asal <b.aboasal@gmail.com>
Date:   Tue Sep 6 19:41:59 2022 +0300

    initial commit

user@DESKTOP-GQ6MCC8 MINGW64 ~/Desktop/test (master)
$ git revert 7ddf10c6f488fd84a3f7bafc8bd5f1e42491e705
error: Your local changes to the following files would be overwritten by merge:
        index.html
        style.css
Please commit your changes or stash them before you merge.
Aborting
fatal: revert failed

user@DESKTOP-GQ6MCC8 MINGW64 ~/Desktop/test (master)
$ git revert -n 7ddf10c6f488fd84a3f7bafc8bd5f1e42491e705
error: Your local changes to the following files would be overwritten by merge:
        index.html
        style.css
Please commit your changes or stash them before you merge.
Aborting
fatal: revert failed

user@DESKTOP-GQ6MCC8 MINGW64 ~/Desktop/test (master)
$ git status
On branch master
Changes not staged for commit:
  (use "git add <file>..." to update what will be committed)
  (use "git restore <file>..." to discard changes in working directory)
        modified:   index.html
        modified:   style.css

no changes added to commit (use "git add" and/or "git commit -a")

user@DESKTOP-GQ6MCC8 MINGW64 ~/Desktop/test (master)
$ git revert -n HEAD
error: Your local changes to the following files would be overwritten by merge:
        index.html
        style.css
Please commit your changes or stash them before you merge.
Aborting
fatal: revert failed

user@DESKTOP-GQ6MCC8 MINGW64 ~/Desktop/test (master)
$ git commit -m "final commit"
On branch master
Changes not staged for commit:
  (use "git add <file>..." to update what will be committed)
  (use "git restore <file>..." to discard changes in working directory)
        modified:   index.html
        modified:   style.css

Untracked files:
  (use "git add <file>..." to include in what will be committed)
        pushtogithub.txt

no changes added to commit (use "git add" and/or "git commit -a")

user@DESKTOP-GQ6MCC8 MINGW64 ~/Desktop/test (master)
$
